<html>
<body>
<pre>
<h1>礦ision Build Log</h1>
<h2>Tool Versions:</h2>
IDE-Version: μVision V5.14.0.0
Copyright (C) 2015 ARM Ltd and ARM Germany GmbH. All rights reserved.
License Information: denghengli Microsoft, Microsoft, LIC=R4HHL-0MRHV-QGD7I-T50H9-9EMB3-X5HM1
 
Tool Versions:
Toolchain:       MDK-ARM Professional  Version: 5.14.0.0
Toolchain Path:  D:\MDK5\SoftWare\ARM\ARMCC\Bin
C Compiler:      Armcc.exe V5.05 update 1 (build 106)
Assembler:       Armasm.exe V5.05 update 1 (build 106)
Linker/Locator:  ArmLink.exe V5.05 update 1 (build 106)
Library Manager: ArmAr.exe V5.05 update 1 (build 106)
Hex Converter:   FromElf.exe V5.05 update 1 (build 106)
CPU DLL:         SARMCM3.DLL V5.14.0.0
Dialog DLL:      DCM.DLL V1.13.1.0
Target DLL:      Segger\JL2CM3.dll V2.99.13.0
Dialog DLL:      TCM.DLL V1.14.4.0
 
<h2>Project:</h2>
E:\万维盈创\02串口升级\程序\boot program1117\1、IAP\RVMDK\Project.uvprojx
Project File Date:  11/16/2018

<h2>Output:</h2>
Build target 'Project'
compiling common.c...
linking...
Program Size: Code=8268 RO-data=796 RW-data=88 ZI-data=2912  
FromELF: creating hex file...
".\Output\Project.axf" - 0 Error(s), 0 Warning(s).

<h2>Collection of Component include folders:</h2>
  E:\万维盈创\02串口升级\程序\boot program1117\1、IAP\RVMDK\RTE
  D:\MDK5\SoftWare\ARM\PACK\Keil\STM32F1xx_DFP\1.0.5\Device\Include

<h2>Collection of Component Files used:</h2>
</pre>
</body>
</html>
